mnmujnyhyht6ty6